// Jest Snapshot v1, https://goo.gl/fbAQLP

exports[`renders correctly 1`] = `
<li
  className="catalog-result-item col-md-4"
>
  <div
    className="online-video"
  >
    <a
      href="https://mlib.bc.edu/reserves-api/items/99134178990001021"
    >
      <div
        className="online_video__thumb"
      >
        <img
          alt="Watch Peru Globe Trekker online"
          className="online-video-thumb__screenshot"
          onError={[Function]}
          src="https://fod.infobase.com/image/50468"
        />
      </div>
    </a>
    <div>
      <div
        className="catalog-result-item__type"
      >
        Video
      </div>
      <h3
        className="online-video__media-heading media-heading"
      >
        <a
          className="online-video__title"
          href="https://bc-primo.hosted.exlibrisgroup.com/primo-explore/fulldisplay?docid=ALMA-BC51425736950001021&context=L&tab=bcl_only&search_scope=bcl&vid=bclib_new&lang=en_US"
        >
          Peru Globe Trekker
        </a>
      </h3>
    </div>
    [2012], c1998
    <div
      className="online-video__creator"
    >
      555 Productions, Inc
    </div>
    <div
      className="online-video__watch-link"
    >
      <a
        href="https://mlib.bc.edu/reserves-api/items/99134178990001021"
      >
        Watch online
      </a>
    </div>
  </div>
</li>
`;
